// Jest Snapshot v1, https://goo.gl/fbAQLP

exports[`<Message /> should render to successfully 1`] = `
<DocumentFragment>
  <li
    class="message"
  >
    <img
      alt="Peter Howard"
      class="avatar"
      src="http://dummyimage.com/100x100.jpg/5fa2dd/ffffff"
    />
    <div
      class="content"
    >
      <div
        class="message-title"
        data-testid="message-title"
      >
        Nam congue, risus semper porta volutpat, quam pede lobortis ligula, sit amet eleifend pede libero quis orci.
        <span
          class="email"
        >
          phoward12@chronoengine.com
        </span>
      </div>
      <div>
        <a
          class="full-name"
          href="/"
        >
          Peter Howard
        </a>
        <span
          class="date-time"
        >
           â€”  1st Feb 2017 18:52
        </span>
      </div>
    </div>
  </li>
</DocumentFragment>
`;
